
> chillast@0.0.2 test
> node tests/RunAll.js


AngleMath
  鉁?normalize wraps into [0,360)
  鉁?separation is symmetric and <=180
  鉁?midpoint takes the short arc across 0
  鉁?signIndex and degreeInSign

Models
  鉁?valid profile passes validation
  鉁?invalid birth data is rejected
  鉁?profile requires a name

AspectEngine
  鉁?detects an exact conjunction within orb
  鉁?ignores pairs outside any orb
  鉁?sameSet avoids duplicate and self pairs

TokenEngine
  鉁?derives spacing scale from unit=4
  鉁?derives type scale from base=13, scale=1.2
  鉁?allows explicit spacing overrides
  鉁?passes through colors, chart, window

ConfigManager
  鉁?load returns resolved tokens
  鉁?deep-merges partial overrides
  鉁?camelToKebab converts correctly

FirdariaCalc
  鉁?day birth period sequence totals 75 years
  鉁?night birth starts with Moon
  鉁?activePeriod returns correct ruler for age 5 (day birth)
  鉁?activePeriod returns correct ruler for age 12 (day birth)
  鉁?activePeriod wraps after 75 years

Chart strategies (via AstrologyService)
  鉁?natal chart
  鉁?transit chart is a bi-wheel with cross aspects
  鉁?progressed chart
  鉁?solar return returns the Sun to natal longitude
  鉁?lunar return returns the Moon to natal longitude
  鉁?tertiary progressed chart
  鉁?solar arc chart advances all points by Sun arc
  鉁?firdaria chart includes period data
  鉁?profection chart rotates ASC by age
  鉁?relocation chart has different houses from natal
  鉁?synastry produces inter-aspects between two charts
  鉁?composite midpoints lie on the short arc
  鉁?davison chart is a single real chart
  鉁?marx chart uses A planets in B houses
  鉁?composite secondary progressed chart
  鉁?composite tertiary progressed chart
  鉁?marx secondary progressed chart
  鉁?marx tertiary progressed chart
  鉁?davison secondary progressed chart
  鉁?davison tertiary progressed chart
  鉁?relationship chart without secondary throws
  鉁?unknown chart type throws
  鉁?referenceData and chartTypes are complete

SxwnlLoader
  鉁?sandbox exposes core sxwnl objects
  鉁?obb has Gan, Zhi, ShX arrays

ChineseAstrologyService
  鉁?referenceData has 10 stems, 12 branches, 5 elements, 12 animals
  鉁?BaZi returns four 2-char pillars
  鉁?day master element is valid
  鉁?each pillar stem and branch have element + yinYang
  鉁?lunar date returns valid info
  鉁?known BaZi: 1990-01-15 14:30 Beijing = 宸卞烦 涓佷笐 搴氳景 涓佷亥
  鉁?allHourPillars has 12 entries
  鉁?missing birthData throws
  鉁?missing longitude throws

SolarTermCalendar
  鉁?returns 24 solar terms for a year

ChineseCityDatabase
  鉁?searches Chinese cities
  鉁?returns empty for no match

Ephemeris comparison (legacy vs swisseph)
  鉁?10-profile A/B comparison within thresholds
      Ephemeris A/B comparison failures:
  1900鏌忔灄:
    - 1900鏌忔灄: chiron longitude diff 3.9972掳
    - 1900鏌忔灄: chiron house mismatch (legacy=4 swiss=3)
    - 1900鏌忔灄: northnode retrograde mismatch
    - 1900鏌忔灄: lilith longitude diff 0.0533掳
    - 1900鏌忔灄: ASC diff 0.6822掳
    - 1900鏌忔灄: MC diff 0.9023掳
    - 1900鏌忔灄: cusp 1 diff 0.6822掳
    - 1900鏌忔灄: cusp 2 diff 0.7848掳
    - 1900鏌忔灄: cusp 3 diff 1.0273掳
    - 1900鏌忔灄: cusp 4 diff 0.9023掳
    - 1900鏌忔灄: cusp 5 diff 0.5362掳
    - 1900鏌忔灄: cusp 6 diff 0.7103掳
    - 1900鏌忔灄: cusp 7 diff 0.6822掳
    - 1900鏌忔灄: cusp 8 diff 0.7848掳
    - 1900鏌忔灄: cusp 9 diff 1.0273掳
    - 1900鏌忔灄: cusp 10 diff 0.9023掳
    - 1900鏌忔灄: cusp 11 diff 0.5362掳
    - 1900鏌忔灄: cusp 12 diff 0.7103掳
  1970绾界害:
    - 1970绾界害: sun house mismatch (legacy=null swiss=12)
    - 1970绾界害: mercury house mismatch (legacy=null swiss=12)
    - 1970绾界害: venus house mismatch (legacy=null swiss=12)
    - 1970绾界害: saturn house mismatch (legacy=null swiss=12)
    - 1970绾界害: chiron longitude diff 0.3632掳
    - 1970绾界害: chiron house mismatch (legacy=null swiss=12)
    - 1970绾界害: northnode retrograde mismatch
    - 1970绾界害: lilith longitude diff 0.0933掳
    - 1970绾界害: cusp 2 diff 0.1797掳
    - 1970绾界害: cusp 3 diff 0.1466掳
    - 1970绾界害: cusp 8 diff 0.1797掳
    - 1970绾界害: cusp 9 diff 0.1466掳
  1990鍖椾含:
    - 1990鍖椾含: chiron longitude diff 0.9511掳
    - 1990鍖椾含: northnode retrograde mismatch
    - 1990鍖椾含: lilith longitude diff 0.0348掳
    - 1990鍖椾含: cusp 2 diff 0.1563掳
    - 1990鍖椾含: cusp 8 diff 0.1563掳
  2000浼︽暒:
    - 2000浼︽暒: sun house mismatch (legacy=null swiss=12)
    - 2000浼︽暒: mars house mismatch (legacy=null swiss=12)
    - 2000浼︽暒: jupiter house mismatch (legacy=null swiss=12)
    - 2000浼︽暒: saturn house mismatch (legacy=null swiss=12)
    - 2000浼︽暒: chiron longitude diff 0.3048掳
    - 2000浼︽暒: northnode retrograde mismatch
    - 2000浼︽暒: lilith longitude diff 0.0934掳
    - 2000浼︽暒: cusp 2 diff 0.6667掳
    - 2000浼︽暒: cusp 3 diff 0.4633掳
    - 2000浼︽暒: cusp 5 diff 0.1455掳
    - 2000浼︽暒: cusp 8 diff 0.6667掳
    - 2000浼︽暒: cusp 9 diff 0.4633掳
    - 2000浼︽暒: cusp 11 diff 0.1455掳
  2025鎮夊凹:
    - 2025鎮夊凹: moon longitude diff 0.0101掳
    - 2025鎮夊凹: chiron longitude diff 0.1065掳
    - 2025鎮夊凹: northnode retrograde mismatch
    - 2025鎮夊凹: lilith longitude diff 0.0479掳
  DST杈圭晫:
    - DST杈圭晫: chiron longitude diff 0.7983掳
    - DST杈圭晫: northnode retrograde mismatch
    - DST杈圭晫: lilith longitude diff 0.1034掳
    - DST杈圭晫: cusp 5 diff 0.1210掳
    - DST杈圭晫: cusp 6 diff 0.1904掳
    - DST杈圭晫: cusp 11 diff 0.1210掳
    - DST杈圭晫: cusp 12 diff 0.1904掳
  鏂愭祹璺ㄦ棩绾?
    - 鏂愭祹璺ㄦ棩绾? moon longitude diff 0.0108掳
    - 鏂愭祹璺ㄦ棩绾? chiron longitude diff 0.0642掳
    - 鏂愭祹璺ㄦ棩绾? northnode retrograde mismatch
    - 鏂愭祹璺ㄦ棩绾? lilith longitude diff 0.1026掳
  1923闆峰厠闆呮湭鍏?
    - 1923闆峰厠闆呮湭鍏? sun longitude diff 0.0415掳
    - 1923闆峰厠闆呮湭鍏? sun house mismatch (legacy=5 swiss=6)
    - 1923闆峰厠闆呮湭鍏? moon longitude diff 0.6049掳
    - 1923闆峰厠闆呮湭鍏? mercury longitude diff 0.0680掳
    - 1923闆峰厠闆呮湭鍏? mercury house mismatch (legacy=5 swiss=6)
    - 1923闆峰厠闆呮湭鍏? venus longitude diff 0.0517掳
    - 1923闆峰厠闆呮湭鍏? mars longitude diff 0.0264掳
    - 1923闆峰厠闆呮湭鍏? mars house mismatch (legacy=5 swiss=6)
    - 1923闆峰厠闆呮湭鍏? saturn house mismatch (legacy=5 swiss=6)
    - 1923闆峰厠闆呮湭鍏? neptune house mismatch (legacy=4 swiss=5)
    - 1923闆峰厠闆呮湭鍏? pluto house mismatch (legacy=12 swiss=1)
    - 1923闆峰厠闆呮湭鍏? chiron longitude diff 1.5554掳
    - 1923闆峰厠闆呮湭鍏? chiron house mismatch (legacy=11 swiss=12)
    - 1923闆峰厠闆呮湭鍏? northnode retrograde mismatch
    - 1923闆峰厠闆呮湭鍏? northnode house mismatch (legacy=4 swiss=5)
    - 1923闆峰厠闆呮湭鍏? southnode house mismatch (legacy=10 swiss=11)
    - 1923闆峰厠闆呮湭鍏? lilith longitude diff 0.0912掳
    - 1923闆峰厠闆呮湭鍏? ASC diff 10.1186掳
    - 1923闆峰厠闆呮湭鍏? MC diff 14.8080掳
    - 1923闆峰厠闆呮湭鍏? cusp 1 diff 10.1186掳
    - 1923闆峰厠闆呮湭鍏? cusp 2 diff 7.7608掳
    - 1923闆峰厠闆呮湭鍏? cusp 3 diff 10.3093掳
    - 1923闆峰厠闆呮湭鍏? cusp 4 diff 14.8080掳
    - 1923闆峰厠闆呮湭鍏? cusp 5 diff 22.2820掳
    - 1923闆峰厠闆呮湭鍏? cusp 6 diff 35.3134掳
    - 1923闆峰厠闆呮湭鍏? cusp 7 diff 10.1186掳
    - 1923闆峰厠闆呮湭鍏? cusp 8 diff 7.7608掳
    - 1923闆峰厠闆呮湭鍏? cusp 9 diff 10.3093掳
    - 1923闆峰厠闆呮湭鍏? cusp 10 diff 14.8080掳
    - 1923闆峰厠闆呮湭鍏? cusp 11 diff 22.2820掳
    - 1923闆峰厠闆呮湭鍏? cusp 12 diff 35.3134掳
  2015涓滀含:
    - 2015涓滀含: moon longitude diff 0.0112掳
    - 2015涓滀含: chiron longitude diff 0.0770掳
    - 2015涓滀含: northnode retrograde mismatch
    - 2015涓滀含: lilith longitude diff 0.0422掳
  2049瀛熶拱:
    - 2049瀛熶拱: moon longitude diff 0.0106掳
    - 2049瀛熶拱: chiron longitude diff 0.4891掳
    - 2049瀛熶拱: northnode retrograde mismatch
    - 2049瀛熶拱: lilith longitude diff 0.0886掳

59 passed, 1 failed

